2867.926: [GC [PSYoungGen: 676932K->3296K(917504K)] 676932K->3304K(1966080K), 0.0149439 secs] [Times: user=0.03 sys=0.00, real=0.01 secs] 
2870.021: [GC [PSYoungGen: 789728K->131040K(917504K)] 789736K->657436K(1966080K), 1.7647695 secs] [Times: user=2.44 sys=0.72, real=1.76 secs] 
2871.786: [Full GC [PSYoungGen: 131040K->0K(917504K)] [ParOldGen: 526396K->655952K(1048576K)] 657436K->655952K(1966080K) [PSPermGen: 15449K->15434K(1048576K)], 14.6808657 secs] [Times: user=26.13 sys=0.05, real=14.66 secs] 
2892.420: [Full GC [PSYoungGen: 786432K->134662K(917504K)] [ParOldGen: 655952K->1048444K(1048576K)] 1442384K->1183106K(1966080K) [PSPermGen: 15576K->15575K(1048576K)], 15.9990971 secs] [Times: user=29.03 sys=0.30, real=15.98 secs] 
2914.416: [Full GC [PSYoungGen: 786432K->262888K(917504K)] [ParOldGen: 1048444K->1048435K(1048576K)] 1834876K->1311323K(1966080K) [PSPermGen: 15598K->15598K(1048576K)], 26.9990271 secs] [Times: user=48.08 sys=0.06, real=26.97 secs] 
2942.606: [Full GC [PSYoungGen: 786432K->260627K(917504K)] [ParOldGen: 1048435K->1048435K(1048576K)] 1834867K->1309062K(1966080K) [PSPermGen: 15598K->15598K(1048576K)], 6.6463809 secs] [Times: user=12.59 sys=0.00, real=6.64 secs] 
2950.007: [Full GC [PSYoungGen: 786432K->275714K(917504K)] [ParOldGen: 1048435K->1048435K(1048576K)] 1834867K->1324149K(1966080K) [PSPermGen: 15598K->15598K(1048576K)], 6.8080718 secs] [Times: user=12.66 sys=0.02, real=6.80 secs] 
2957.480: [Full GC [PSYoungGen: 782570K->260410K(917504K)] [ParOldGen: 1048435K->1048433K(1048576K)] 1831005K->1308844K(1966080K) [PSPermGen: 15600K->15600K(1048576K)], 22.0924525 secs] [Times: user=37.95 sys=0.03, real=22.07 secs] 
2980.268: [Full GC [PSYoungGen: 786432K->260398K(917504K)] [ParOldGen: 1048433K->1048433K(1048576K)] 1834865K->1308831K(1966080K) [PSPermGen: 15600K->15600K(1048576K)], 14.7223890 secs] [Times: user=26.03 sys=0.05, real=14.71 secs] 
2995.667: [Full GC [PSYoungGen: 786432K->260393K(917504K)] [ParOldGen: 1048433K->1048433K(1048576K)] 1834865K->1308826K(1966080K) [PSPermGen: 15600K->15600K(1048576K)], 6.8503573 secs] [Times: user=12.48 sys=0.00, real=6.84 secs] 
3003.193: [Full GC [PSYoungGen: 786432K->260391K(917504K)] [ParOldGen: 1048433K->1048433K(1048576K)] 1834865K->1308824K(1966080K) [PSPermGen: 15600K->15600K(1048576K)], 6.6767730 secs] [Times: user=12.38 sys=0.01, real=6.67 secs] 
3010.557: [Full GC [PSYoungGen: 786432K->275650K(917504K)] [ParOldGen: 1048433K->1048432K(1048576K)] 1834865K->1324083K(1966080K) [PSPermGen: 15600K->15600K(1048576K)], 6.7637724 secs] [Times: user=12.73 sys=0.00, real=6.76 secs] 
3017.941: [Full GC [PSYoungGen: 783275K->268020K(917504K)] [ParOldGen: 1048432K->1048432K(1048576K)] 1831708K->1316453K(1966080K) [PSPermGen: 15600K->15600K(1048576K)], 6.6225397 secs] [Times: user=12.52 sys=0.00, real=6.62 secs] 
3025.238: [Full GC [PSYoungGen: 786432K->260391K(917504K)] [ParOldGen: 1048432K->1048432K(1048576K)] 1834864K->1308824K(1966080K) [PSPermGen: 15600K->15600K(1048576K)], 6.6800406 secs] [Times: user=12.34 sys=0.02, real=6.67 secs] 
3054.955: [Full GC [PSYoungGen: 786432K->98500K(917504K)] [ParOldGen: 1048432K->1048208K(1048576K)] 1834864K->1146709K(1966080K) [PSPermGen: 15600K->15600K(1048576K)], 5.3773102 secs] [Times: user=10.17 sys=0.02, real=5.37 secs] 
3061.451: [Full GC [PSYoungGen: 786432K->98500K(917504K)] [ParOldGen: 1048208K->1048208K(1048576K)] 1834640K->1146709K(1966080K) [PSPermGen: 15600K->15600K(1048576K)], 5.1011464 secs] [Times: user=9.72 sys=0.00, real=5.10 secs] 
Heap
 PSYoungGen      total 917504K, used 469283K [0x00000007c0000000, 0x0000000800000000, 0x0000000800000000)
  eden space 786432K, 59% used [0x00000007c0000000,0x00000007dca48f98,0x00000007f0000000)
  from space 131072K, 0% used [0x00000007f8000000,0x00000007f8000000,0x0000000800000000)
  to   space 131072K, 0% used [0x00000007f0000000,0x00000007f0000000,0x00000007f8000000)
 ParOldGen       total 1048576K, used 1048208K [0x0000000780000000, 0x00000007c0000000, 0x00000007c0000000)
  object space 1048576K, 99% used [0x0000000780000000,0x00000007bffa4310,0x00000007c0000000)
 PSPermGen       total 1048576K, used 15672K [0x0000000740000000, 0x0000000780000000, 0x0000000780000000)
  object space 1048576K, 1% used [0x0000000740000000,0x0000000740f4e2d8,0x0000000780000000)
